// Vitest Snapshot v1, https://vitest.dev/guide/snapshot.html

exports[`computeChunkGrass > produces a deterministic, non-trivial golden result per chunk (locks in today's output — plan 086 phase 1) > chunk (-18,6) 1`] = `
{
  "filler": {
    "baseColorsChecksum": 18.818971,
    "count": 91,
    "matricesChecksum": 1556.894539,
  },
  "grain": {
    "baseColorsChecksum": 2.701637,
    "count": 12,
    "matricesChecksum": 255.26129,
  },
  "herb": {
    "baseColorsChecksum": 6.416756,
    "count": 42,
    "matricesChecksum": 680.044286,
  },
  "tri": {
    "baseColorsChecksum": 7.931505,
    "count": 37,
    "matricesChecksum": 522.250046,
  },
}
`;

exports[`computeChunkGrass > produces a deterministic, non-trivial golden result per chunk (locks in today's output — plan 086 phase 1) > chunk (0,0) 1`] = `
{
  "filler": {
    "baseColorsChecksum": 1014.488834,
    "count": 5241,
    "matricesChecksum": 13992.267578,
  },
  "grain": {
    "baseColorsChecksum": 68.616056,
    "count": 305,
    "matricesChecksum": 1842.442724,
  },
  "herb": {
    "baseColorsChecksum": 196.723157,
    "count": 1255,
    "matricesChecksum": 3870.711591,
  },
  "tri": {
    "baseColorsChecksum": 198.931493,
    "count": 882,
    "matricesChecksum": 3996.089799,
  },
}
`;

exports[`computeChunkGrass > produces a deterministic, non-trivial golden result per chunk (locks in today's output — plan 086 phase 1) > chunk (24,24) 1`] = `
{
  "filler": {
    "baseColorsChecksum": 1262.282877,
    "count": 6617,
    "matricesChecksum": 42990.541227,
  },
  "grain": {
    "baseColorsChecksum": 84.991437,
    "count": 390,
    "matricesChecksum": 2173.757326,
  },
  "herb": {
    "baseColorsChecksum": 246.68595,
    "count": 1581,
    "matricesChecksum": 9154.04645,
  },
  "tri": {
    "baseColorsChecksum": 253.802867,
    "count": 1171,
    "matricesChecksum": 6875.916897,
  },
}
`;
