// Vitest Snapshot v1, https://vitest.dev/guide/snapshot.html

exports[`computeChunkGrass > produces a deterministic, non-trivial golden result per chunk (locks in today's output — plan 086 phase 1) > chunk (-18,6) 1`] = `
{
  "filler": {
    "baseColorsChecksum": 0.460567,
    "count": 3,
    "matricesChecksum": 131.66665,
  },
  "herb": {
    "baseColorsChecksum": 0.79158,
    "count": 4,
    "matricesChecksum": 172.579579,
  },
  "tri": {
    "baseColorsChecksum": 0.468996,
    "count": 2,
    "matricesChecksum": 87.944191,
  },
}
`;

exports[`computeChunkGrass > produces a deterministic, non-trivial golden result per chunk (locks in today's output — plan 086 phase 1) > chunk (0,0) 1`] = `
{
  "filler": {
    "baseColorsChecksum": 144.065086,
    "count": 738,
    "matricesChecksum": 3183.865426,
  },
  "grain": {
    "baseColorsChecksum": 66.747355,
    "count": 298,
    "matricesChecksum": 2028.908711,
  },
  "herb": {
    "baseColorsChecksum": 195.477439,
    "count": 1242,
    "matricesChecksum": 4216.434116,
  },
  "tri": {
    "baseColorsChecksum": 196.551344,
    "count": 874,
    "matricesChecksum": 4008.378949,
  },
}
`;

exports[`computeChunkGrass > produces a deterministic, non-trivial golden result per chunk (locks in today's output — plan 086 phase 1) > chunk (24,24) 1`] = `
{
  "filler": {
    "baseColorsChecksum": 166.339466,
    "count": 868,
    "matricesChecksum": 5347.740184,
  },
  "grain": {
    "baseColorsChecksum": 79.372911,
    "count": 367,
    "matricesChecksum": 1896.673351,
  },
  "herb": {
    "baseColorsChecksum": 231.808188,
    "count": 1490,
    "matricesChecksum": 8661.990405,
  },
  "tri": {
    "baseColorsChecksum": 239.131013,
    "count": 1091,
    "matricesChecksum": 5994.386001,
  },
}
`;
